D:\Sem 5 Class Work\6 VCS & Cloud Fundamentals - Saurabh Sir\test_30_6>git init

Initialized empty Git repository in D:/Sem 5 Class Work/6 VCS & Cloud Fundamentals - Saurabh Sir/test_30_6/.git/

D:\Sem 5 Class Work\6 VCS & Cloud Fundamentals - Saurabh Sir\test_30_6>git add .

D:\Sem 5 Class Work\6 VCS & Cloud Fundamentals - Saurabh Sir\test_30_6>git commit -m "-"

[master (root-commit) 7231524] -
 1 file changed, 1 insertion(+)
 create mode 100644 1.py

D:\Sem 5 Class Work\6 VCS & Cloud Fundamentals - Saurabh Sir\test_30_6>git remote add origin 

https://github.com/NisargPatel344/GitDemo30-06.git

D:\Sem 5 Class Work\6 VCS & Cloud Fundamentals - Saurabh Sir\test_30_6>git push -u origin master

Enumerating objects: 3, done.
Counting objects: 100% (3/3), done.
Writing objects: 100% (3/3), 221 bytes | 221.00 KiB/s, done.
Total 3 (delta 0), reused 0 (delta 0), pack-reused 0
To https://github.com/NisargPatel344/GitDemo30-06.git
 * [new branch]      master -> master
branch 'master' set up to track 'origin/master'.

D:\Sem 5 Class Work\6 VCS & Cloud Fundamentals - Saurabh Sir\test_30_6>git branch animation

D:\Sem 5 Class Work\6 VCS & Cloud Fundamentals - Saurabh Sir\test_30_6>git branch

  animation
* master

D:\Sem 5 Class Work\6 VCS & Cloud Fundamentals - Saurabh Sir\test_30_6>git checkout animation

Switched to branch 'animation'

D:\Sem 5 Class Work\6 VCS & Cloud Fundamentals - Saurabh Sir\test_30_6>git branch

* animation
  master

D:\Sem 5 Class Work\6 VCS & Cloud Fundamentals - Saurabh Sir\test_30_6>git status

On branch animation
Untracked files:
  (use "git add <file>..." to include in what will be committed)
        2.py

nothing added to commit but untracked files present (use "git add" to track)

D:\Sem 5 Class Work\6 VCS & Cloud Fundamentals - Saurabh Sir\test_30_6>git add .

D:\Sem 5 Class Work\6 VCS & Cloud Fundamentals - Saurabh Sir\test_30_6>git commit -m "-"

[animation 71bee20] -
 1 file changed, 1 insertion(+)
 create mode 100644 2.py

D:\Sem 5 Class Work\6 VCS & Cloud Fundamentals - Saurabh Sir\test_30_6>git push -u origin animation

Enumerating objects: 3, done.
Counting objects: 100% (3/3), done.
Delta compression using up to 8 threads
Compressing objects: 100% (2/2), done.
Writing objects: 100% (2/2), 235 bytes | 235.00 KiB/s, done.
Total 2 (delta 0), reused 0 (delta 0), pack-reused 0
remote:
remote: Create a pull request for 'animation' on GitHub by visiting:
remote:      https://github.com/NisargPatel344/GitDemo30-06/pull/new/animation
remote:
To https://github.com/NisargPatel344/GitDemo30-06.git
 * [new branch]      animation -> animation
branch 'animation' set up to track 'origin/animation'.

D:\Sem 5 Class Work\6 VCS & Cloud Fundamentals - Saurabh Sir\test_30_6>git branch

* animation
  master

D:\Sem 5 Class Work\6 VCS & Cloud Fundamentals - Saurabh Sir\test_30_6>git checkout master

Switched to branch 'master'
Your branch is up to date with 'origin/master'.

D:\Sem 5 Class Work\6 VCS & Cloud Fundamentals - Saurabh Sir\test_30_6>git merge animation

Updating 7231524..71bee20
Fast-forward
 2.py | 1 +
 1 file changed, 1 insertion(+)
 create mode 100644 2.py

D:\Sem 5 Class Work\6 VCS & Cloud Fundamentals - Saurabh Sir\test_30_6>git commit -m "merge with animation branch"

On branch master
Your branch is ahead of 'origin/master' by 1 commit.
  (use "git push" to publish your local commits)

nothing to commit, working tree clean

D:\Sem 5 Class Work\6 VCS & Cloud Fundamentals - Saurabh Sir\test_30_6>git push -u origin master

Total 0 (delta 0), reused 0 (delta 0), pack-reused 0
To https://github.com/NisargPatel344/GitDemo30-06.git
   7231524..71bee20  master -> master
branch 'master' set up to track 'origin/master'.

D:\Sem 5 Class Work\6 VCS & Cloud Fundamentals - Saurabh Sir\test_30_6>

----------------------------------------------------------------------------------------------------------------------------------

D:\Sem 5 Class Work\6 VCS & Cloud Fundamentals - Saurabh Sir\test_30_6>git status

On branch master
Your branch is up to date with 'origin/master'.

Untracked files:
  (use "git add <file>..." to include in what will be committed)
        .gitignore
        abcd.txt

nothing added to commit but untracked files present (use "git add" to track)

D:\Sem 5 Class Work\6 VCS & Cloud Fundamentals - Saurabh Sir\test_30_6>git add .gitignore

D:\Sem 5 Class Work\6 VCS & Cloud Fundamentals - Saurabh Sir\test_30_6>git status

On branch master
Your branch is up to date with 'origin/master'.

Changes to be committed:
  (use "git restore --staged <file>..." to unstage)
        new file:   .gitignore


D:\Sem 5 Class Work\6 VCS & Cloud Fundamentals - Saurabh Sir\test_30_6>